     1 00000000                                 [FORMAT "WCOFF"]
     2 00000000                                 [INSTRSET "i486p"]
     3 00000000                                 [OPTIMIZE 1]
     4 00000000                                 [OPTION 1]
     5 00000000                                 [BITS 32]
     6 00000000                                 	EXTERN	__alloca
     7 00000000                                 	EXTERN	_api_openwin
     8 00000000                                 	EXTERN	_api_boxfilwin
     9 00000000                                 	EXTERN	_api_getkey
    10 00000000                                 	EXTERN	_api_putstrwin
    11 00000000                                 [FILE "note.c"]
    12                                          [SECTION .data]
    13 00000000                                 LC0:
    14 00000000 BC C7 CA C2 B2 BE 00            	DB	0xBC,0xC7,0xCA,0xC2,0xB2,0xBE,0x00
    15                                          [SECTION .text]
    16 00000000                                 	GLOBAL	__main
    17 00000000                                 __main:
    18 00000000 55                              	PUSH	EBP
    19 00000001 B8 00040784                     	MOV	EAX,264068
    20 00000006 89 E5                           	MOV	EBP,ESP
    21 00000008 57                              	PUSH	EDI
    22 00000009 56                              	PUSH	ESI
    23 0000000A BF 00000018                     	MOV	EDI,24
    24 0000000F 53                              	PUSH	EBX
    25 00000010 E8 [00000000]                   	CALL	__alloca
    26 00000015 8D 85 FFFBF8B4                  	LEA	EAX,DWORD [-264012+EBP]
    27 0000001B 68 [00000000]                   	PUSH	LC0
    28 00000020 68 000000FF                     	PUSH	255
    29 00000025 68 000001B8                     	PUSH	440
    30 0000002A 68 00000258                     	PUSH	600
    31 0000002F 50                              	PUSH	EAX
    32 00000030 C7 85 FFFBF870 00000008         	MOV	DWORD [-264080+EBP],8
    33 0000003A E8 [00000000]                   	CALL	_api_openwin
    34 0000003F 6A 07                           	PUSH	7
    35 00000041 68 000001B3                     	PUSH	435
    36 00000046 89 C3                           	MOV	EBX,EAX
    37 00000048 68 00000253                     	PUSH	595
    38 0000004D 6A 18                           	PUSH	24
    39 0000004F 6A 05                           	PUSH	5
    40 00000051 50                              	PUSH	EAX
    41 00000052 E8 [00000000]                   	CALL	_api_boxfilwin
    42 00000057 83 C4 2C                        	ADD	ESP,44
    43 0000005A                                 L2:
    44 0000005A 6A 01                           	PUSH	1
    45 0000005C E8 [00000000]                   	CALL	_api_getkey
    46 00000061 59                              	POP	ECX
    47 00000062 88 C2                           	MOV	DL,AL
    48 00000064 81 BD FFFBF870 0000024D         	CMP	DWORD [-264080+EBP],589
    49 0000006E 7E 0D                           	JLE	L5
    50 00000070 C7 85 FFFBF870 00000008         	MOV	DWORD [-264080+EBP],8
    51 0000007A 83 C7 10                        	ADD	EDI,16
    52 0000007D                                 L5:
    53 0000007D 80 FA 0A                        	CMP	DL,10
    54 00000080 0F 84 000000B3                  	JE	L14
    55 00000086 80 FA 08                        	CMP	DL,8
    56 00000089 74 64                           	JE	L15
    57 0000008B 88 85 FFFBF874                  	MOV	BYTE [-264076+EBP],AL
    58 00000091 8D 85 FFFBF874                  	LEA	EAX,DWORD [-264076+EBP]
    59 00000097 50                              	PUSH	EAX
    60 00000098 6A 01                           	PUSH	1
    61 0000009A 6A 00                           	PUSH	0
    62 0000009C 57                              	PUSH	EDI
    63 0000009D FF B5 FFFBF870                  	PUSH	DWORD [-264080+EBP]
    64 000000A3 53                              	PUSH	EBX
    65 000000A4 E8 [00000000]                   	CALL	_api_putstrwin
    66 000000A9 8B B5 FFFBF870                  	MOV	ESI,DWORD [-264080+EBP]
    67 000000AF 6A 07                           	PUSH	7
    68 000000B1 8D 47 10                        	LEA	EAX,DWORD [16+EDI]
    69 000000B4 50                              	PUSH	EAX
    70 000000B5 83 C6 08                        	ADD	ESI,8
    71 000000B8 56                              	PUSH	ESI
    72 000000B9 57                              	PUSH	EDI
    73 000000BA FF B5 FFFBF870                  	PUSH	DWORD [-264080+EBP]
    74 000000C0 53                              	PUSH	EBX
    75 000000C1 E8 [00000000]                   	CALL	_api_boxfilwin
    76 000000C6 8D 85 FFFBF874                  	LEA	EAX,DWORD [-264076+EBP]
    77 000000CC 83 C4 30                        	ADD	ESP,48
    78 000000CF 50                              	PUSH	EAX
    79 000000D0 6A 01                           	PUSH	1
    80 000000D2 6A 00                           	PUSH	0
    81 000000D4 57                              	PUSH	EDI
    82 000000D5 FF B5 FFFBF870                  	PUSH	DWORD [-264080+EBP]
    83 000000DB 53                              	PUSH	EBX
    84 000000DC E8 [00000000]                   	CALL	_api_putstrwin
    85 000000E1 89 B5 FFFBF870                  	MOV	DWORD [-264080+EBP],ESI
    86 000000E7                                 L13:
    87 000000E7 83 C4 18                        	ADD	ESP,24
    88 000000EA E9 FFFFFF6B                     	JMP	L2
    89 000000EF                                 L15:
    90 000000EF 83 BD FFFBF870 08               	CMP	DWORD [-264080+EBP],8
    91 000000F6 7F 1B                           	JG	L16
    92 000000F8 83 FF 18                        	CMP	EDI,24
    93 000000FB 0F 8E FFFFFF59                  	JLE	L2
    94 00000101 83 EF 10                        	SUB	EDI,16
    95 00000104 C7 85 FFFBF870 0000024E         	MOV	DWORD [-264080+EBP],590
    96 0000010E E9 FFFFFF47                     	JMP	L2
    97 00000113                                 L16:
    98 00000113 83 AD FFFBF870 08               	SUB	DWORD [-264080+EBP],8
    99 0000011A 6A 07                           	PUSH	7
   100 0000011C 8D 47 10                        	LEA	EAX,DWORD [16+EDI]
   101 0000011F 50                              	PUSH	EAX
   102 00000120 8B 85 FFFBF870                  	MOV	EAX,DWORD [-264080+EBP]
   103 00000126 83 C0 08                        	ADD	EAX,8
   104 00000129 50                              	PUSH	EAX
   105 0000012A 57                              	PUSH	EDI
   106 0000012B FF B5 FFFBF870                  	PUSH	DWORD [-264080+EBP]
   107 00000131 53                              	PUSH	EBX
   108 00000132 E8 [00000000]                   	CALL	_api_boxfilwin
   109 00000137 EB AE                           	JMP	L13
   110 00000139                                 L14:
   111 00000139 83 C7 10                        	ADD	EDI,16
   112 0000013C C7 85 FFFBF870 00000008         	MOV	DWORD [-264080+EBP],8
   113 00000146 E9 FFFFFF0F                     	JMP	L2
